###############################################################################
#
# IAR ELF Linker V8.22.1.15669/W32 for ARM                27/Sep/2018  11:30:58
# Copyright 2007-2018 IAR Systems AB.
#
#    Output file  =  
#        D:\robot\examtwo\robotexamtwo\beginmyexamthree\EWARM\examtwo\Exe\examtwo.out
#    Map file     =  
#        D:\robot\examtwo\robotexamtwo\beginmyexamthree\EWARM\examtwo\List\examtwo.map
#    Command line =  
#        -f C:\Users\bread\AppData\Local\Temp\EW4F86.tmp
#        (D:\robot\examtwo\robotexamtwo\beginmyexamthree\EWARM\examtwo\Obj\gpio.o
#        D:\robot\examtwo\robotexamtwo\beginmyexamthree\EWARM\examtwo\Obj\main.o
#        D:\robot\examtwo\robotexamtwo\beginmyexamthree\EWARM\examtwo\Obj\startup_stm32f103xe.o
#        D:\robot\examtwo\robotexamtwo\beginmyexamthree\EWARM\examtwo\Obj\stm32f1xx_hal.o
#        D:\robot\examtwo\robotexamtwo\beginmyexamthree\EWARM\examtwo\Obj\stm32f1xx_hal_cortex.o
#        D:\robot\examtwo\robotexamtwo\beginmyexamthree\EWARM\examtwo\Obj\stm32f1xx_hal_dma.o
#        D:\robot\examtwo\robotexamtwo\beginmyexamthree\EWARM\examtwo\Obj\stm32f1xx_hal_flash.o
#        D:\robot\examtwo\robotexamtwo\beginmyexamthree\EWARM\examtwo\Obj\stm32f1xx_hal_flash_ex.o
#        D:\robot\examtwo\robotexamtwo\beginmyexamthree\EWARM\examtwo\Obj\stm32f1xx_hal_gpio.o
#        D:\robot\examtwo\robotexamtwo\beginmyexamthree\EWARM\examtwo\Obj\stm32f1xx_hal_gpio_ex.o
#        D:\robot\examtwo\robotexamtwo\beginmyexamthree\EWARM\examtwo\Obj\stm32f1xx_hal_msp.o
#        D:\robot\examtwo\robotexamtwo\beginmyexamthree\EWARM\examtwo\Obj\stm32f1xx_hal_pwr.o
#        D:\robot\examtwo\robotexamtwo\beginmyexamthree\EWARM\examtwo\Obj\stm32f1xx_hal_rcc.o
#        D:\robot\examtwo\robotexamtwo\beginmyexamthree\EWARM\examtwo\Obj\stm32f1xx_hal_rcc_ex.o
#        D:\robot\examtwo\robotexamtwo\beginmyexamthree\EWARM\examtwo\Obj\stm32f1xx_hal_tim.o
#        D:\robot\examtwo\robotexamtwo\beginmyexamthree\EWARM\examtwo\Obj\stm32f1xx_hal_tim_ex.o
#        D:\robot\examtwo\robotexamtwo\beginmyexamthree\EWARM\examtwo\Obj\stm32f1xx_hal_uart.o
#        D:\robot\examtwo\robotexamtwo\beginmyexamthree\EWARM\examtwo\Obj\stm32f1xx_it.o
#        D:\robot\examtwo\robotexamtwo\beginmyexamthree\EWARM\examtwo\Obj\system_stm32f1xx.o
#        D:\robot\examtwo\robotexamtwo\beginmyexamthree\EWARM\examtwo\Obj\tim.o
#        D:\robot\examtwo\robotexamtwo\beginmyexamthree\EWARM\examtwo\Obj\usart.o
#        --redirect _Printf=_PrintfFull --redirect _Scanf=_ScanfFull -o
#        D:\robot\examtwo\robotexamtwo\beginmyexamthree\EWARM\examtwo\Exe\examtwo.out
#        --map
#        D:\robot\examtwo\robotexamtwo\beginmyexamthree\EWARM\examtwo\List\examtwo.map
#        --config
#        D:\robot\examtwo\robotexamtwo\beginmyexamthree\EWARM/stm32f103xe_flash.icf
#        --semihosting --entry __iar_program_start --vfe --text_out locale)
#
###############################################################################

*******************************************************************************
*** RUNTIME MODEL ATTRIBUTES
***

CppFlavor       = *
__SystemLibrary = DLib
__dlib_version  = 6


*******************************************************************************
*** HEAP SELECTION
***

The basic heap was selected because no calls to memory allocation
functions were found in the application outside of system library
functions, and there are calls to deallocation functions in the
application.


*******************************************************************************
*** PLACEMENT SUMMARY
***

"A0":  place at 0x08000000 { ro section .intvec };
"P1":  place in [from 0x08000000 to 0x0807ffff] { ro };
define block CSTACK with size = 1K, alignment = 8 { };
define block HEAP with size = 512, alignment = 8 { };
"P2":  place in [from 0x20000000 to 0x2000ffff] {
          rw, block CSTACK, block HEAP };
initialize by copy { rw };

  Section            Kind        Address    Size  Object
  -------            ----        -------    ----  ------
"A0":                                      0x130
  .intvec            ro code  0x08000000   0x130  startup_stm32f103xe.o [1]
                            - 0x08000130   0x130

"P1":                                     0x39ce
  .text              ro code  0x08000130   0xf96  xprintffull.o [3]
  .text              ro code  0x080010c6    0x1e  xencoding_8859_1.o [3]
  .text              ro code  0x080010e4    0x74  xlocale_c.o [3]
  .text              ro code  0x08001158    0x16  strchr.o [5]
  .text              ro code  0x0800116e    0x1a  xsnprout.o [3]
  .text              ro code  0x08001188    0x40  xfail_s.o [3]
  .text              ro code  0x080011c8    0x36  strlen.o [5]
  .text              ro code  0x08001200    0x58  memchr.o [5]
  .text              ro code  0x08001258     0xa  xmbcurmax.o [3]
  .text              ro code  0x08001264    0xa6  ABImemcpy.o [5]
  .text              ro code  0x0800130c   0x22e  I64DivMod.o [5]
  .text              ro code  0x0800153c   0x1a2  DblMul.o [4]
  .text              ro code  0x080016e0    0x70  frexp.o [4]
  .text              ro code  0x08001750    0x2e  DblCmpLe.o [4]
  .text              ro code  0x08001780    0x2e  DblCmpGe.o [4]
  .text              ro code  0x080017b0   0x13a  ldexp.o [4]
  .text              ro code  0x080018ec    0x3a  DblToS32.o [4]
  .text              ro code  0x08001928    0x22  S32ToDbl.o [4]
  .text              ro code  0x0800194c    0xe2  DblSub.o [4]
  .text              ro code  0x08001a30   0x246  DblDiv.o [4]
  .text              ro code  0x08001c78    0x28  DblToU32.o [4]
  .text              ro code  0x08001ca0    0x1a  U32ToDbl.o [4]
  .text              ro code  0x08001cba     0x6  abort.o [3]
  .text              ro code  0x08001cc0     0x2  I64DivZer.o [5]
  .text              ro code  0x08001cc4   0x168  DblAdd.o [4]
  .text              ro code  0x08001e2c    0x14  exit.o [6]
  .text              ro code  0x08001e40   0x4f0  stm32f1xx_hal_uart.o [1]
  .text              ro code  0x08002330   0x2c4  usart.o [1]
  .text              ro code  0x080025f4     0xc  stm32f1xx_hal.o [1]
  .text              ro code  0x08002600   0x110  stm32f1xx_hal_dma.o [1]
  .text              ro code  0x08002710     0x2  stm32f1xx_hal_uart.o [1]
  .text              ro code  0x08002712     0x2  stm32f1xx_hal_uart.o [1]
  .text              ro code  0x08002714   0x4e2  stm32f1xx_hal_rcc.o [1]
  .text              ro code  0x08002bf8    0xb4  main.o [1]
  .text              ro code  0x08002cac    0xe4  stm32f1xx_hal_cortex.o [1]
  .text              ro code  0x08002d90   0x1e0  stm32f1xx_hal_gpio.o [1]
  .text              ro code  0x08002f70     0x6  ABImemclr4.o [5]
  .text              ro code  0x08002f78    0x3c  vsnprint.o [3]
  .text              ro code  0x08002fb4    0x4a  strcmp.o [5]
  .text              ro code  0x08003000    0x40  stm32f1xx_hal.o [1]
  .text              ro code  0x08003040    0x24  stm32f1xx_hal.o [1]
  .text              ro code  0x08003064    0x6c  gpio.o [1]
  .text              ro code  0x080030d0   0x1c4  tim.o [1]
  .text              ro code  0x08003294    0x32  ABImemset48.o [5]
  .text              ro code  0x080032c8    0x98  stm32f1xx_hal_msp.o [1]
  .text              ro code  0x08003360   0x42c  stm32f1xx_hal_tim.o [1]
  .text              ro code  0x0800378c    0x4a  stm32f1xx_hal_tim_ex.o [1]
  Initializer bytes  const    0x080037d8    0x90  <for P2-1>
  .text              ro code  0x08003868    0x5c  system_stm32f1xx.o [1]
  .text              ro code  0x080038c4    0x40  zero_init3.o [5]
  .text              ro code  0x08003904    0x2c  stm32f1xx_it.o [1]
  .text              ro code  0x08003930    0x10  stm32f1xx_hal.o [1]
  .text              ro code  0x08003940    0x2c  copy_init3.o [5]
  .text              ro code  0x0800396c    0x28  data_init.o [5]
  .iar.init_table    const    0x08003994    0x24  - Linker created -
  .text              ro code  0x080039b8    0x1e  cmain.o [5]
  .text              ro code  0x080039d6     0x4  low_level_init.o [3]
  .text              ro code  0x080039da     0x4  exit.o [3]
  .text              ro code  0x080039e0     0xa  cexit.o [5]
  .text              ro code  0x080039ec    0x10  startup_stm32f103xe.o [1]
  .text              ro code  0x080039fc     0xc  cstartup_M.o [5]
  .rodata            const    0x08003a08     0x8  system_stm32f1xx.o [1]
  .rodata            const    0x08003a10     0x6  xlocale_c.o [3]
  .text              ro code  0x08003a16     0x4  startup_stm32f103xe.o [1]
  .text              ro code  0x08003a1a     0x4  startup_stm32f103xe.o [1]
  .text              ro code  0x08003a1e     0x4  startup_stm32f103xe.o [1]
  .text              ro code  0x08003a22     0x4  startup_stm32f103xe.o [1]
  .text              ro code  0x08003a26     0x4  startup_stm32f103xe.o [1]
  .text              ro code  0x08003a2a     0x4  startup_stm32f103xe.o [1]
  .text              ro code  0x08003a2e     0x4  startup_stm32f103xe.o [1]
  .text              ro code  0x08003a32     0x4  startup_stm32f103xe.o [1]
  .text              ro code  0x08003a36     0x4  startup_stm32f103xe.o [1]
  .text              ro code  0x08003a3a     0x4  startup_stm32f103xe.o [1]
  .text              ro code  0x08003a3e     0x4  startup_stm32f103xe.o [1]
  .text              ro code  0x08003a42     0x4  startup_stm32f103xe.o [1]
  .text              ro code  0x08003a46     0x4  startup_stm32f103xe.o [1]
  .text              ro code  0x08003a4a     0x4  startup_stm32f103xe.o [1]
  .text              ro code  0x08003a4e     0x4  startup_stm32f103xe.o [1]
  .text              ro code  0x08003a52     0x4  startup_stm32f103xe.o [1]
  .text              ro code  0x08003a56     0x4  startup_stm32f103xe.o [1]
  .text              ro code  0x08003a5a     0x4  startup_stm32f103xe.o [1]
  .text              ro code  0x08003a5e     0x4  startup_stm32f103xe.o [1]
  .text              ro code  0x08003a62     0x4  startup_stm32f103xe.o [1]
  .text              ro code  0x08003a66     0x4  startup_stm32f103xe.o [1]
  .text              ro code  0x08003a6a     0x4  startup_stm32f103xe.o [1]
  .text              ro code  0x08003a6e     0x4  startup_stm32f103xe.o [1]
  .text              ro code  0x08003a72     0x4  startup_stm32f103xe.o [1]
  .text              ro code  0x08003a76     0x4  startup_stm32f103xe.o [1]
  .text              ro code  0x08003a7a     0x4  startup_stm32f103xe.o [1]
  .text              ro code  0x08003a7e     0x4  startup_stm32f103xe.o [1]
  .text              ro code  0x08003a82     0x4  startup_stm32f103xe.o [1]
  .text              ro code  0x08003a86     0x4  startup_stm32f103xe.o [1]
  .text              ro code  0x08003a8a     0x4  startup_stm32f103xe.o [1]
  .text              ro code  0x08003a8e     0x4  startup_stm32f103xe.o [1]
  .text              ro code  0x08003a92     0x4  startup_stm32f103xe.o [1]
  .text              ro code  0x08003a96     0x4  startup_stm32f103xe.o [1]
  .text              ro code  0x08003a9a     0x4  startup_stm32f103xe.o [1]
  .text              ro code  0x08003a9e     0x4  startup_stm32f103xe.o [1]
  .text              ro code  0x08003aa2     0x4  startup_stm32f103xe.o [1]
  .text              ro code  0x08003aa6     0x4  startup_stm32f103xe.o [1]
  .text              ro code  0x08003aaa     0x4  startup_stm32f103xe.o [1]
  .text              ro code  0x08003aae     0x4  startup_stm32f103xe.o [1]
  .text              ro code  0x08003ab2     0x4  startup_stm32f103xe.o [1]
  .text              ro code  0x08003ab6     0x4  startup_stm32f103xe.o [1]
  .text              ro code  0x08003aba     0x4  startup_stm32f103xe.o [1]
  .text              ro code  0x08003abe     0x4  startup_stm32f103xe.o [1]
  .text              ro code  0x08003ac2     0x4  startup_stm32f103xe.o [1]
  .text              ro code  0x08003ac6     0x4  startup_stm32f103xe.o [1]
  .text              ro code  0x08003aca     0x4  startup_stm32f103xe.o [1]
  .text              ro code  0x08003ace     0x4  startup_stm32f103xe.o [1]
  .text              ro code  0x08003ad2     0x4  startup_stm32f103xe.o [1]
  .text              ro code  0x08003ad6     0x4  startup_stm32f103xe.o [1]
  .text              ro code  0x08003ada     0x4  startup_stm32f103xe.o [1]
  .text              ro code  0x08003ade     0x4  startup_stm32f103xe.o [1]
  .text              ro code  0x08003ae2     0x4  startup_stm32f103xe.o [1]
  .text              ro code  0x08003ae6     0x4  startup_stm32f103xe.o [1]
  .text              ro code  0x08003aea     0x4  startup_stm32f103xe.o [1]
  .text              ro code  0x08003aee     0x4  startup_stm32f103xe.o [1]
  .text              ro code  0x08003af2     0x4  startup_stm32f103xe.o [1]
  .text              ro code  0x08003af6     0x4  startup_stm32f103xe.o [1]
  .text              ro code  0x08003afa     0x4  startup_stm32f103xe.o [1]
  .rodata            const    0x08003afe     0x0  zero_init3.o [5]
  .rodata            const    0x08003afe     0x0  copy_init3.o [5]
                            - 0x08003afe  0x39ce

"P2", part 1 of 3:                          0x90
  P2-1                        0x20000000    0x90  <Init block>
    .data            inited   0x20000000     0xc  stm32f1xx_hal.o [1]
    .data            inited   0x2000000c     0x4  system_stm32f1xx.o [1]
    .data            inited   0x20000010    0x38  xlocale_c.o [3]
    .data            inited   0x20000048    0x48  xlocale_c.o [3]
                            - 0x20000090    0x90

"P2", part 2 of 3:                         0x238
  .bss               zero     0x20000090   0x104  usart.o [1]
  .bss               zero     0x20000194    0xac  usart.o [1]
  .bss               zero     0x20000240    0x40  tim.o [1]
  .bss               zero     0x20000280    0x40  tim.o [1]
  .bss               zero     0x200002c0     0x4  main.o [1]
  .bss               zero     0x200002c4     0x4  xfail_s.o [3]
                            - 0x200002c8   0x238

"P2", part 3 of 3:                         0x400
  CSTACK                      0x200002c8   0x400  <Block>
    CSTACK           uninit   0x200002c8   0x400  <Block tail>
                            - 0x200006c8   0x400


*******************************************************************************
*** INIT TABLE
***

          Address     Size
          -------     ----
Zero (__iar_zero_init3)
    1 destination range, total size 0x238:
          0x20000090  0x238

Copy (__iar_copy_init3)
    1 source range, total size 0x90:
          0x080037d8   0x90
    1 destination range, total size 0x90:
          0x20000000   0x90



*******************************************************************************
*** MODULE SUMMARY
***

    Module                  ro code  ro data  rw data
    ------                  -------  -------  -------
D:\robot\examtwo\robotexamtwo\beginmyexamthree\EWARM\examtwo\Obj: [1]
    gpio.o                      108
    main.o                      180                 4
    startup_stm32f103xe.o       552
    stm32f1xx_hal.o             128       12       12
    stm32f1xx_hal_cortex.o      228
    stm32f1xx_hal_dma.o         272
    stm32f1xx_hal_gpio.o        480
    stm32f1xx_hal_msp.o         152
    stm32f1xx_hal_rcc.o       1 250
    stm32f1xx_hal_tim.o       1 068
    stm32f1xx_hal_tim_ex.o       74
    stm32f1xx_hal_uart.o      1 268
    stm32f1xx_it.o               44
    system_stm32f1xx.o           92       12        4
    tim.o                       452               128
    usart.o                     708               432
    -------------------------------------------------
    Total:                    7 056       24      580

command line: [2]
    -------------------------------------------------
    Total:

dl7M_tlf.a: [3]
    abort.o                       6
    exit.o                        4
    low_level_init.o              4
    vsnprint.o                   60
    xencoding_8859_1.o           30
    xfail_s.o                    64                 4
    xlocale_c.o                 116      134      128
    xmbcurmax.o                  10
    xprintffull.o             3 990
    xsnprout.o                   26
    -------------------------------------------------
    Total:                    4 310      134      132

m7M_tl.a: [4]
    DblAdd.o                    360
    DblCmpGe.o                   46
    DblCmpLe.o                   46
    DblDiv.o                    582
    DblMul.o                    418
    DblSub.o                    226
    DblToS32.o                   58
    DblToU32.o                   40
    S32ToDbl.o                   34
    U32ToDbl.o                   26
    frexp.o                     112
    ldexp.o                     314
    -------------------------------------------------
    Total:                    2 262

rt7M_tl.a: [5]
    ABImemclr4.o                  6
    ABImemcpy.o                 166
    ABImemset48.o                50
    I64DivMod.o                 558
    I64DivZer.o                   2
    cexit.o                      10
    cmain.o                      30
    copy_init3.o                 44
    cstartup_M.o                 12
    data_init.o                  40
    memchr.o                     88
    strchr.o                     22
    strcmp.o                     74
    strlen.o                     54
    zero_init3.o                 64
    -------------------------------------------------
    Total:                    1 220

shb_l.a: [6]
    exit.o                       20
    -------------------------------------------------
    Total:                       20

    Gaps                         38
    Linker created                        38    1 024
-----------------------------------------------------
    Grand Total:             14 906      196    1 736


*******************************************************************************
*** ENTRY LIST
***

Entry                      Address   Size  Type      Object
-----                      -------   ----  ----      ------
.iar.init_table$$Base   0x08003994          --   Gb  - Linker created -
.iar.init_table$$Limit  0x080039b8          --   Gb  - Linker created -
?main                   0x080039b9         Code  Gb  cmain.o [5]
AHBPrescTable           0x080038b4   0x10  Data  Gb  system_stm32f1xx.o [1]
APBPrescTable           0x08003a08    0x8  Data  Gb  system_stm32f1xx.o [1]
BusFault_Handler        0x0800390b    0x2  Code  Gb  stm32f1xx_it.o [1]
CSTACK$$Base            0x200002c8          --   Gb  - Linker created -
CSTACK$$Limit           0x200006c8          --   Gb  - Linker created -
CacheMore               0x080010e9   0x24  Code  Lc  xlocale_c.o [3]
DebugMon_Handler        0x08003911    0x2  Code  Gb  stm32f1xx_it.o [1]
HAL_DMA_Abort_IT        0x08002601   0xdc  Code  Gb  stm32f1xx_hal_dma.o [1]
HAL_GPIO_Init           0x08002d91  0x196  Code  Gb  stm32f1xx_hal_gpio.o [1]
HAL_GPIO_WritePin       0x08002f27    0xc  Code  Gb  stm32f1xx_hal_gpio.o [1]
HAL_GetTick             0x080025f5    0xc  Code  Wk  stm32f1xx_hal.o [1]
HAL_IncTick             0x08003931   0x10  Code  Wk  stm32f1xx_hal.o [1]
HAL_Init                0x08003041   0x20  Code  Gb  stm32f1xx_hal.o [1]
HAL_InitTick            0x08003001   0x40  Code  Wk  stm32f1xx_hal.o [1]
HAL_MspInit             0x080032c9   0x98  Code  Gb  stm32f1xx_hal_msp.o [1]
HAL_NVIC_EnableIRQ      0x08002d1f    0xa  Code  Gb  stm32f1xx_hal_cortex.o [1]
HAL_NVIC_SetPriority    0x08002ce5   0x3a  Code  Gb  stm32f1xx_hal_cortex.o [1]
HAL_NVIC_SetPriorityGrouping
                        0x08002ccb   0x1a  Code  Gb  stm32f1xx_hal_cortex.o [1]
HAL_RCC_ClockConfig     0x08002a31  0x10c  Code  Gb  stm32f1xx_hal_rcc.o [1]
HAL_RCC_GetHCLKFreq     0x08002b8d    0x6  Code  Gb  stm32f1xx_hal_rcc.o [1]
HAL_RCC_GetPCLK1Freq    0x08002b93   0x10  Code  Gb  stm32f1xx_hal_rcc.o [1]
HAL_RCC_GetPCLK2Freq    0x08002ba3    0xe  Code  Gb  stm32f1xx_hal_rcc.o [1]
HAL_RCC_GetSysClockFreq
                        0x08002b51   0x3c  Code  Gb  stm32f1xx_hal_rcc.o [1]
HAL_RCC_GetSysClockFreq::aPLLMULFactorTable
                        0x08002be4   0x10  Data  Lc  stm32f1xx_hal_rcc.o [1]
HAL_RCC_GetSysClockFreq::aPredivFactorTable
                        0x08002bf4    0x2  Data  Lc  stm32f1xx_hal_rcc.o [1]
HAL_RCC_OscConfig       0x08002715  0x314  Code  Gb  stm32f1xx_hal_rcc.o [1]
HAL_SYSTICK_CLKSourceConfig
                        0x08002d5b   0x1a  Code  Gb  stm32f1xx_hal_cortex.o [1]
HAL_SYSTICK_Callback    0x08002c1f   0x10  Code  Gb  main.o [1]
HAL_SYSTICK_Callback::time_1ms
                        0x200002c0    0x4  Data  Lc  main.o [1]
HAL_SYSTICK_Config      0x08002d33   0x28  Code  Gb  stm32f1xx_hal_cortex.o [1]
HAL_SYSTICK_IRQHandler  0x08002d8d    0x4  Code  Gb  stm32f1xx_hal_cortex.o [1]
HAL_TIMEx_MasterConfigSynchronization
                        0x0800378d   0x4a  Code  Gb  stm32f1xx_hal_tim_ex.o [1]
HAL_TIM_Encoder_Init    0x080033dd   0x88  Code  Gb  stm32f1xx_hal_tim.o [1]
HAL_TIM_Encoder_MspInit
                        0x080031cb   0x32  Code  Gb  tim.o [1]
HAL_TIM_Encoder_Start   0x0800346d   0x16  Code  Gb  stm32f1xx_hal_tim.o [1]
HAL_TIM_MspPostInit     0x0800321f   0x1a  Code  Gb  tim.o [1]
HAL_TIM_PWM_ConfigChannel
                        0x080034a1   0xc0  Code  Gb  stm32f1xx_hal_tim.o [1]
HAL_TIM_PWM_Init        0x0800338b   0x1a  Code  Gb  stm32f1xx_hal_tim.o [1]
HAL_TIM_PWM_MspInit     0x080031fd   0x22  Code  Gb  tim.o [1]
HAL_TIM_PWM_Start       0x080033a5   0x14  Code  Gb  stm32f1xx_hal_tim.o [1]
HAL_UART_IRQHandler     0x08001fd1  0x152  Code  Gb  stm32f1xx_hal_uart.o [1]
HAL_UART_Init           0x08001e41   0x1e  Code  Gb  stm32f1xx_hal_uart.o [1]
HAL_UART_MspInit        0x08002381   0x62  Code  Gb  usart.o [1]
HAL_UART_Receive_IT     0x08001f6b   0x54  Code  Gb  stm32f1xx_hal_uart.o [1]
HAL_UART_RxCpltCallback
                        0x080023e3   0x3c  Code  Gb  usart.o [1]
HAL_UART_Transmit       0x08001eb9   0xaa  Code  Gb  stm32f1xx_hal_uart.o [1]
HardFault_Handler       0x08003907    0x2  Code  Gb  stm32f1xx_it.o [1]
LoadInt                 0x0800031f   0x7a  Code  Lc  xprintffull.o [3]
MX_GPIO_Init            0x08003065   0x6c  Code  Gb  gpio.o [1]
MX_TIM2_Init            0x080030d1   0x60  Code  Gb  tim.o [1]
MX_TIM4_Init            0x08003131   0x86  Code  Gb  tim.o [1]
MX_USART1_UART_Init     0x08002331   0x50  Code  Gb  usart.o [1]
MemManage_Handler       0x08003909    0x2  Code  Gb  stm32f1xx_it.o [1]
NMI_Handler             0x08003905    0x2  Code  Gb  stm32f1xx_it.o [1]
NVIC_SetPriority        0x08002cad   0x1e  Code  Lc  stm32f1xx_hal_cortex.o [1]
PendSV_Handler          0x08003913    0x2  Code  Gb  stm32f1xx_it.o [1]
RCC_IRQHandler          0x08003923    0x2  Code  Gb  stm32f1xx_it.o [1]
Region$$Table$$Base     0x08003994          --   Gb  - Linker created -
Region$$Table$$Limit    0x080039b8          --   Gb  - Linker created -
SVC_Handler             0x0800390f    0x2  Code  Gb  stm32f1xx_it.o [1]
SysTick_Handler         0x08003915    0xe  Code  Gb  stm32f1xx_it.o [1]
SystemClock_Config      0x08002c39   0x72  Code  Gb  main.o [1]
SystemCoreClock         0x2000000c    0x4  Data  Gb  system_stm32f1xx.o [1]
SystemInit              0x08003869   0x3a  Code  Gb  system_stm32f1xx.o [1]
TIM_Base_SetConfig      0x08003591   0x74  Code  Gb  stm32f1xx_hal_tim.o [1]
TIM_CCxChannelCmd       0x08003775   0x12  Code  Gb  stm32f1xx_hal_tim.o [1]
TIM_OC1_SetConfig       0x08003605   0x52  Code  Lc  stm32f1xx_hal_tim.o [1]
TIM_OC2_SetConfig       0x08003657   0x60  Code  Gb  stm32f1xx_hal_tim.o [1]
TIM_OC3_SetConfig       0x080036b7   0x58  Code  Lc  stm32f1xx_hal_tim.o [1]
TIM_OC4_SetConfig       0x0800371b   0x46  Code  Lc  stm32f1xx_hal_tim.o [1]
UART_DMAAbortOnError    0x080021a5    0xc  Code  Lc  stm32f1xx_hal_uart.o [1]
UART_EndRxTransfer      0x08002187   0x1c  Code  Lc  stm32f1xx_hal_uart.o [1]
UART_Receive_IT         0x080021b1   0x96  Code  Lc  stm32f1xx_hal_uart.o [1]
UART_SetConfig          0x08002247   0xde  Code  Lc  stm32f1xx_hal_uart.o [1]
UART_WaitOnFlagUntilTimeout
                        0x08002123   0x56  Code  Lc  stm32f1xx_hal_uart.o [1]
USART1_IRQHandler       0x08003925    0x6  Code  Gb  stm32f1xx_it.o [1]
UsageFault_Handler      0x0800390d    0x2  Code  Gb  stm32f1xx_it.o [1]
_Encoding_8859_1_Mbrlen
                        0x080010d9    0x2  Code  Gb  xencoding_8859_1.o [3]
_Encoding_8859_1_Wctomb
                        0x080010c7   0x12  Code  Gb  xencoding_8859_1.o [3]
_Error_Handler          0x08002cab    0x2  Code  Gb  main.o [1]
_GenldFull              0x08000da1  0x274  Code  Lc  xprintffull.o [3]
_LdtobFull              0x08000975  0x3fe  Code  Lc  xprintffull.o [3]
_LitobFull              0x0800081d  0x112  Code  Lc  xprintffull.o [3]
_Locale_lconv           0x20000010   0x38  Data  Lc  xlocale_c.o [3]
_PrintfFull             0x08000131  0x1d6  Code  Gb  xprintffull.o [3]
_PutcharsFull           0x08001015   0x2e  Code  Lc  xprintffull.o [3]
_PutfldFull             0x08000399  0x2d0  Code  Lc  xprintffull.o [3]
_PutstrFull             0x0800075f   0xbe  Code  Lc  xprintffull.o [3]
_PuttxtFull             0x08000669   0xf6  Code  Lc  xprintffull.o [3]
_SNProut                0x0800116f   0x1a  Code  Gb  xsnprout.o [3]
__aeabi_cdcmple         0x08001751         Code  Gb  DblCmpLe.o [4]
__aeabi_cdrcmple        0x08001781         Code  Gb  DblCmpGe.o [4]
__aeabi_d2iz            0x080018ed         Code  Gb  DblToS32.o [4]
__aeabi_d2uiz           0x08001c79         Code  Gb  DblToU32.o [4]
__aeabi_ddiv            0x08001a31         Code  Gb  DblDiv.o [4]
__aeabi_dmul            0x0800153d         Code  Gb  DblMul.o [4]
__aeabi_dsub            0x0800194d         Code  Gb  DblSub.o [4]
__aeabi_i2d             0x08001929         Code  Gb  S32ToDbl.o [4]
__aeabi_ldiv0           0x08001cc1         Code  Gb  I64DivZer.o [5]
__aeabi_memclr4         0x08002f71         Code  Gb  ABImemclr4.o [5]
__aeabi_memcpy          0x08001265         Code  Gb  ABImemcpy.o [5]
__aeabi_memcpy4         0x08001285         Code  Gb  ABImemcpy.o [5]
__aeabi_memcpy8         0x08001285         Code  Gb  ABImemcpy.o [5]
__aeabi_ui2d            0x08001ca1         Code  Gb  U32ToDbl.o [4]
__aeabi_uldivmod        0x0800130d         Code  Gb  I64DivMod.o [5]
__cmain                 0x080039b9         Code  Gb  cmain.o [5]
__exit                  0x08001e2d   0x14  Code  Gb  exit.o [6]
__iar_Fail_s            0x08001189   0x1c  Code  Gb  xfail_s.o [3]
__iar_Mbcurmax          0x08001259    0xa  Code  Gb  xmbcurmax.o [3]
__iar_Memchr            0x08001201         Code  Gb  memchr.o [5]
__iar_Memset4_word      0x08003295         Code  Gb  ABImemset48.o [5]
__iar_Memset8_word      0x08003295         Code  Gb  ABImemset48.o [5]
__iar_Strchr            0x08001159         Code  Gb  strchr.o [5]
__iar_copy_init3        0x08003941   0x2c  Code  Gb  copy_init3.o [5]
__iar_dadd              0x0800195d         Code  Gb  DblSub.o [4]
__iar_data_init3        0x0800396d   0x28  Code  Gb  data_init.o [5]
__iar_dsub              0x08001cc5         Code  Gb  DblAdd.o [4]
__iar_dsubStart         0x08001cd7         Code  Gb  DblAdd.o [4]
__iar_frexp             0x080016ed         Code  Gb  frexp.o [4]
__iar_frexp64           0x080016e1         Code  Gb  frexp.o [4]
__iar_frexpl            0x080016ed         Code  Gb  frexp.o [4]
__iar_globLocale        0x20000048   0x48  Data  Lc  xlocale_c.o [3]
__iar_global_Locale     0x080010e5    0x4  Code  Gb  xlocale_c.o [3]
__iar_ldexp64           0x080017b1         Code  Gb  ldexp.o [4]
__iar_program_start     0x080039fd         Code  Gb  cstartup_M.o [5]
__iar_scalbln64         0x080017b1         Code  Gb  ldexp.o [4]
__iar_scalbn64          0x080017b1         Code  Gb  ldexp.o [4]
__iar_systems$$module {Abs}
                        0x00000001         Data  Gb  command line/config [2]
__iar_zero_init3        0x080038c5   0x40  Code  Gb  zero_init3.o [5]
__low_level_init        0x080039d7    0x4  Code  Gb  low_level_init.o [3]
__vector_table          0x08000000         Data  Gb  startup_stm32f103xe.o [1]
_call_main              0x080039c5         Code  Gb  cmain.o [5]
_exit                   0x080039e1         Code  Gb  cexit.o [5]
_gLocale_mblen          0x08001145    0x4  Code  Gb  xlocale_c.o [3]
_gLocale_mblenInt       0x0800110d   0x34  Code  Gb  xlocale_c.o [3]
_gLocale_wctomb         0x08001149    0x4  Code  Gb  xlocale_c.o [3]
_gLocale_wctombInt      0x08001141    0x4  Code  Gb  xlocale_c.o [3]
_main                   0x080039d3         Code  Gb  cmain.o [5]
abort                   0x08001cbb    0x6  Code  Gb  abort.o [3]
buffer                  0x20000090  0x100  Data  Gb  usart.o [1]
buffer_rx_temp          0x20000194    0x1  Data  Gb  usart.o [1]
counter                 0x20000190    0x4  Data  Gb  usart.o [1]
examthree               0x08002461   0x94  Code  Gb  usart.o [1]
exit                    0x080039db    0x4  Code  Gb  exit.o [3]
frexp                   0x080016e1         Code  Gb  frexp.o [4]
frexpl                  0x080016e1         Code  Gb  frexp.o [4]
htim2                   0x20000240   0x40  Data  Gb  tim.o [1]
htim4                   0x20000280   0x40  Data  Gb  tim.o [1]
huart1                  0x20000198   0x40  Data  Gb  usart.o [1]
ldexp                   0x080017b1         Code  Gb  ldexp.o [4]
ldexpl                  0x080017b1         Code  Gb  ldexp.o [4]
localeconv              0x0800114d    0x4  Code  Gb  xlocale_c.o [3]
main                    0x08002bf9   0x26  Code  Gb  main.o [1]
memchr                  0x08001201         Code  Gb  memchr.o [5]
scalbln                 0x080017b1         Code  Gb  ldexp.o [4]
scalblnl                0x080017b1         Code  Gb  ldexp.o [4]
scalbn                  0x080017b1         Code  Gb  ldexp.o [4]
scalbnl                 0x080017b1         Code  Gb  ldexp.o [4]
scale                   0x0800092f   0x46  Code  Lc  xprintffull.o [3]
sec_hand                0x200002c4    0x4  Data  Lc  xfail_s.o [3]
strchr                  0x08001159         Code  Gb  strchr.o [5]
strcmp                  0x08002fb5         Code  Gb  strcmp.o [5]
strlen                  0x080011c9         Code  Gb  strlen.o [5]
uart_buffer             0x200001d8   0x68  Data  Gb  usart.o [1]
uprintf                 0x0800241f   0x2a  Code  Gb  usart.o [1]
uwTick                  0x20000004    0x4  Data  Gb  stm32f1xx_hal.o [1]
uwTickFreq              0x20000000    0x1  Data  Gb  stm32f1xx_hal.o [1]
uwTickPrio              0x20000008    0x4  Data  Gb  stm32f1xx_hal.o [1]
vsnprintf               0x08002f79   0x3c  Code  Gb  vsnprint.o [3]


[1] = D:\robot\examtwo\robotexamtwo\beginmyexamthree\EWARM\examtwo\Obj
[2] = command line
[3] = dl7M_tlf.a
[4] = m7M_tl.a
[5] = rt7M_tl.a
[6] = shb_l.a

  14 906 bytes of readonly  code memory
     196 bytes of readonly  data memory
   1 736 bytes of readwrite data memory

Errors: none
Warnings: none
